
> otbl-monorepo@ build C:\Users\Rishabh.Negi_i\OneDrive - The Energy and Resources Institute\Desktop\My_Files\Projects\OTBL\otbl-monorepo-2
> turbo run build

node.exe : turbo 2.6.1
At 
C:\nvm4w\nodejs\pnpm.ps1:16 
char:5
+     & "$basedir/node$exe"  "
$basedir/node_modules/corepack
/dist/pnpm. ...
+     ~~~~~~~~~~~~~~~~~~~~~~~~
~~~~~~~~~~~~~~~~~~~~~~~~~~~~~~
~~~~~~~~~~~
    + CategoryInfo          : 
    NotSpecified: (turbo 2.6  
  .1:String) [], RemoteExce   
 ption
    + FullyQualifiedErrorId : 
    NativeCommandError
 

ΓÇó Packages in scope: @pkg/db, @pkg/schema, @pkg/trpc, @pkg/utils, @repo/eslint-config, @repo/typescript-config, @repo/ui, mobile-app, server, web
ΓÇó Running build in 10 packages
ΓÇó Remote caching disabled
@pkg/utils:build: cache hit, replaying logs 663593ff09fa382e
@pkg/utils:build: [?9001h[?1004h[?25l[2J[m[2;1H> @pkg/utils@0.1.0 prebuild C:\Users\Rishabh.Negi_i\OneDrive - The Energy and Resources Institute\Desktop\My_Files\Projects\OTBL\otbl-monorepo-2\packages\]0;C:\windows\system32\cmd.exe[?25h
@pkg/utils:build: [7;22H\utils
@pkg/utils:build: > pnpm run clean      
@pkg/utils:build: 
@pkg/utils:build: 
@pkg/utils:build: > @pkg/utils@0.1.0 cle
@pkg/utils:build: [7;22Hean C:\Users\Rishabh.Ne
@pkg/utils:build: [7;22Hegi_i\OneDrive - The En
@pkg/utils:build: [7;22Hnergy and Resources Ins
@pkg/utils:build: [7;22Hstitute\Desktop\My_File
@pkg/utils:build: [7;22Hes\Projects\OTBL\otbl-m
@pkg/utils:build: [7;22Hmonorepo-2\packages\uti
@pkg/utils:build: [7;22Hils
@pkg/utils:build: > node -e "require('fs
@pkg/utils:build: [7;22Hs').rmSync('dist', {rec
@pkg/utils:build: [7;22Hcursive: true, force: t
@pkg/utils:build: [7;22Htrue})"
@pkg/utils:build: 
@pkg/utils:build: 
@pkg/utils:build: > @pkg/utils@0.1.0 bui
@pkg/utils:build: [7;22Hild C:\Users\Rishabh.Ne
@pkg/utils:build: [7;22Hegi_i\OneDrive - The En
@pkg/utils:build: [7;22Hnergy and Resources Ins
@pkg/utils:build: [7;22Hstitute\Desktop\My_File
@pkg/utils:build: [7;22Hes\Projects\OTBL\otbl-m
@pkg/utils:build: [7;22Hmonorepo-2\packages\uti
@pkg/utils:build: [7;22Hils
@pkg/utils:build: > tsc -p tsconfig.buil
@pkg/utils:build: [7;22Hld.json
@pkg/utils:build: 
@pkg/utils:build: [?9001l[?1004l
@pkg/db:build: cache hit, replaying logs d624eef9c304c7e1
@pkg/db:build: [?9001h[?1004h[?25l[2J[m[2;1H> @pkg/db@0.1.0 prebuild C:\Users\Rishabh.Negi_i\OneDrive - The Energy and Resources Institute\Desktop\My_Files\Projects\OTBL\otbl-monorepo-2\packages\db[8;1H]0;C:\windows\system32\cmd.exe[?25h
@pkg/db:build: > pnpm run clean      
@pkg/db:build: 
@pkg/db:build: 
@pkg/db:build: > @pkg/db@0.1.0 clean 
@pkg/db:build: [7;22H C:\Users\Rishabh.Negi_
@pkg/db:build: [7;22H_i\OneDrive - The Energ
@pkg/db:build: [7;22Hgy and Resources Instit
@pkg/db:build: [7;22Htute\Desktop\My_Files\P
@pkg/db:build: [7;22HProjects\OTBL\otbl-mono
@pkg/db:build: [7;22Horepo-2\packages\db    
@pkg/db:build: > node -e "require('fs
@pkg/db:build: [7;22Hs').rmSync('dist', {rec
@pkg/db:build: [7;22Hcursive: true, force: t
@pkg/db:build: [7;22Htrue})"
@pkg/db:build: 
@pkg/db:build: 
@pkg/db:build: > @pkg/db@0.1.0 build 
@pkg/db:build: [7;22H C:\Users\Rishabh.Negi_
@pkg/db:build: [7;22H_i\OneDrive - The Energ
@pkg/db:build: [7;22Hgy and Resources Instit
@pkg/db:build: [7;22Htute\Desktop\My_Files\P
@pkg/db:build: [7;22HProjects\OTBL\otbl-mono
@pkg/db:build: [7;22Horepo-2\packages\db    
@pkg/db:build: > tsc -p tsconfig.buil
@pkg/db:build: [7;22Hld.json
@pkg/db:build: 
@pkg/db:build: [?9001l[?1004l
@pkg/schema:build: cache hit, replaying logs aafd4eafe5f2acdb
@pkg/schema:build: [?9001h[?1004h[?25l[2J[m[2;1H> @pkg/schema@0.1.0 prebuild C:\Users\Rishabh.Negi_i\OneDrive - The Energy and Resources Institute\Desktop\My_Files\Projects\OTBL\otbl-monorepo-2\packages]0;C:\windows\system32\cmd.exe[?25h
@pkg/schema:build: [7;22Hs\schema
@pkg/schema:build: > pnpm run clean      
@pkg/schema:build: 
@pkg/schema:build: 
@pkg/schema:build: > @pkg/schema@0.1.0 cl
@pkg/schema:build: [7;22Hlean C:\Users\Rishabh.N
@pkg/schema:build: [7;22HNegi_i\OneDrive - The E
@pkg/schema:build: [7;22HEnergy and Resources In
@pkg/schema:build: [7;22Hnstitute\Desktop\My_Fil
@pkg/schema:build: [7;22Hles\Projects\OTBL\otbl-
@pkg/schema:build: [7;22H-monorepo-2\packages\sc
@pkg/schema:build: [7;22Hchema
@pkg/schema:build: > node -e "require('fs
@pkg/schema:build: [7;22Hs').rmSync('dist', {rec
@pkg/schema:build: [7;22Hcursive: true, force: t
@pkg/schema:build: [7;22Htrue})"
@pkg/schema:build: 
@pkg/schema:build: 
@pkg/schema:build: > @pkg/schema@0.1.0 bu
@pkg/schema:build: [7;22Huild C:\Users\Rishabh.N
@pkg/schema:build: [7;22HNegi_i\OneDrive - The E
@pkg/schema:build: [7;22HEnergy and Resources In
@pkg/schema:build: [7;22Hnstitute\Desktop\My_Fil
@pkg/schema:build: [7;22Hles\Projects\OTBL\otbl-
@pkg/schema:build: [7;22H-monorepo-2\packages\sc
@pkg/schema:build: [7;22Hchema
@pkg/schema:build: > tsc -p tsconfig.buil
@pkg/schema:build: [7;22Hld.json
@pkg/schema:build: 
@pkg/schema:build: [?9001l[?1004l
@pkg/trpc:build: cache hit, replaying logs e725d7dd5553ee3a
@pkg/trpc:build: [?9001h[?1004h[?25l[2J[m[2;1H> @pkg/trpc@0.1.0 prebuild C:\Users\Rishabh.Negi_i\OneDrive - The Energy and Resources Institute\Desktop\My_Files\Projects\OTBL\otbl-monorepo-2\packages\t]0;C:\windows\system32\cmd.exe[?25h
@pkg/trpc:build: [7;22Htrpc
@pkg/trpc:build: > pnpm run clean      
@pkg/trpc:build: 
@pkg/trpc:build: 
@pkg/trpc:build: > @pkg/trpc@0.1.0 clea
@pkg/trpc:build: [7;22Han C:\Users\Rishabh.Neg
@pkg/trpc:build: [7;22Hgi_i\OneDrive - The Ene
@pkg/trpc:build: [7;22Hergy and Resources Inst
@pkg/trpc:build: [7;22Htitute\Desktop\My_Files
@pkg/trpc:build: [7;22Hs\Projects\OTBL\otbl-mo
@pkg/trpc:build: [7;22Honorepo-2\packages\trpc[8;1H
@pkg/trpc:build: > node -e "require('fs
@pkg/trpc:build: [7;22Hs').rmSync('dist', {rec
@pkg/trpc:build: [7;22Hcursive: true, force: t
@pkg/trpc:build: [7;22Htrue})"
@pkg/trpc:build: 
@pkg/trpc:build: 
@pkg/trpc:build: > @pkg/trpc@0.1.0 buil
@pkg/trpc:build: [7;22Hld C:\Users\Rishabh.Neg
@pkg/trpc:build: [7;22Hgi_i\OneDrive - The Ene
@pkg/trpc:build: [7;22Hergy and Resources Inst
@pkg/trpc:build: [7;22Htitute\Desktop\My_Files
@pkg/trpc:build: [7;22Hs\Projects\OTBL\otbl-mo
@pkg/trpc:build: [7;22Honorepo-2\packages\trpc[8;1H
@pkg/trpc:build: > tsc -p tsconfig.buil
@pkg/trpc:build: [7;22Hld.json
@pkg/trpc:build: 
@pkg/trpc:build: [?9001l[?1004l
web:build: cache miss, executing 9d2d783fb7e74fee
server:build: cache hit, replaying logs 1451aa4d376fa65d
server:build: [?9001h[?1004h[?25l[2J[m[2;1H> server@1.0.0 build C:\Users\Rishabh.Negi_i\OneDrive - The Energy and Resources Institute\Desktop\My_Files\Projects\OTBL\otbl-monorepo-2\apps\server
server:build: ]0;C:\windows\system32\cmd.exe[?25h
server:build: > tsc
server:build: 
server:build: [?9001l[?1004l
web:build: 
web:build: > web@0.1.0 build C:\Users\Rishabh.Negi_i\OneDrive - The Energy and Resources Institute\Desktop\My_Files\Projects\OTBL\otbl-monorepo-2\apps\web
web:build: > next build --turbopack
web:build: 
web:build:  ΓÜá Warning: Next.js inferred your workspace root, but it may not be correct.
web:build:  We detected multiple lockfiles and selected the directory of C:\Users\Rishabh.Negi_i\yarn.lock as the root directory.
web:build:  To silence this warning, set `turbopack.root` in your Next.js config, or consider removing one of the lockfiles if it's not needed.
web:build:    See https://nextjs.org/docs/app/api-reference/config/next-config-js/turbopack#root-directory for more information.
web:build:  Detected additional lockfiles: 
web:build:    * C:\Users\Rishabh.Negi_i\OneDrive - The Energy and Resources Institute\Desktop\My_Files\Projects\OTBL\otbl-monorepo-2\apps\web\pnpm-lock.yaml
web:build:    * C:\Users\Rishabh.Negi_i\OneDrive - The Energy and Resources Institute\Desktop\My_Files\Projects\OTBL\otbl-monorepo-2\pnpm-lock.yaml
web:build: 
web:build:    Γû▓ Next.js 15.5.2 (Turbopack)
web:build:    - Environments: .env
web:build: 
web:build:    Creating an optimized production build ...
web:build:  Γ£ô Finished writing to disk in 417ms
web:build: 
web:build: > Build error occurred
web:build: Error: Turbopack build failed with 1 errors:
web:build: ./OneDrive - The Energy and Resources Institute/Desktop/My_Files/Projects/OTBL/otbl-monorepo-2/node_modules/node-gyp-build/node-gyp-build.js:1:10
web:build: Module not found: Can't resolve 'fs'
web:build: [0m[31m[1m>[22m[39m[90m 1 |[39m [36mvar[39m fs [33m=[39m require([32m'fs'[39m)
web:build:  [90m   |[39m          [31m[1m^[22m[39m[31m[1m^[22m[39m[31m[1m^[22m[39m[31m[1m^[22m[39m[31m[1m^[22m[39m[31m[1m^[22m[39m[31m[1m^[22m[39m[31m[1m^[22m[39m[31m[1m^[22m[39m[31m[1m^[22m[39m[31m[1m^[22m[39m[31m[1m^[22m[39m[31m[1m^[22m[39m
web:build:  [90m 2 |[39m [36mvar[39m path [33m=[39m require([32m'path'[39m)
web:build:  [90m 3 |[39m [36mvar[39m os [33m=[39m require([32m'os'[39m)
web:build:  [90m 4 |[39m[0m
web:build: 
web:build: 
web:build: 
web:build: https://nextjs.org/docs/messages/module-not-found
web:build: 
web:build: 
web:build:     at <unknown> (https://nextjs.org/docs/messages/module-not-found)
web:build: ΓÇëELIFECYCLEΓÇë Command failed with exit code 1.
web:build: ERROR: command 
finished with error: command (
C:\Users\Rishabh.Negi_i\OneDri
ve - The Energy and Resources 
Institute\Desktop\My_Files\Pro
jects\OTBL\otbl-monorepo-2\app
s\web) 
C:\nvm4w\nodejs\pnpm.CMD run 
build exited (1)
web#build: command (C:\Users\R
ishabh.Negi_i\OneDrive - The 
Energy and Resources Institute
\Desktop\My_Files\Projects\OTB
L\otbl-monorepo-2\apps\web) 
C:\nvm4w\nodejs\pnpm.CMD run 
build exited (1)

 Tasks:    5 successful, 6 total
Cached:    5 cached, 6 total
  Time:    18.874s 
Failed:    web#build

 ERROR  run failed: command  
exited (1)
ΓÇëELIFECYCLEΓÇë Command failed with exit code 1.
